  Determining projects to restore...
  All projects are up-to-date for restore.
  UniversalCodePatcher -> /workspace/Patcher/UniversalCodePatcher/bin/Release/net8.0/UniversalCodePatcher.dll
  UniversalCodePatcher.Tests -> /workspace/Patcher/UniversalCodePatcher.Tests/bin/Release/net8.0/UniversalCodePatcher.Tests.dll
Test run for /workspace/Patcher/UniversalCodePatcher.Tests/bin/Release/net8.0/UniversalCodePatcher.Tests.dll (.NETCoreApp,Version=v8.0)
VSTest version 17.11.1 (x64)

Starting test execution, please wait...
A total of 1 test files matched the specified pattern.

Passed!  - Failed:     0, Passed:    17, Skipped:     0, Total:    17, Duration: 85 ms - UniversalCodePatcher.Tests.dll (net8.0)
